[0m21:07:50.700294 [debug] [MainThread]: Sending event: {'category': 'dbt', 'action': 'invocation', 'label': 'start', 'context': [<snowplow_tracker.self_describing_json.SelfDescribingJson object at 0x00000245D9211E80>, <snowplow_tracker.self_describing_json.SelfDescribingJson object at 0x00000245DB9E3ED0>, <snowplow_tracker.self_describing_json.SelfDescribingJson object at 0x00000245DB9E3B10>]}


============================== 21:07:50.714796 | 437dd38d-bb4c-49d1-89c7-f46dd8e35e82 ==============================
[0m21:07:50.714796 [info ] [MainThread]: Running with dbt=1.12.2
[0m21:07:50.718049 [debug] [MainThread]: running dbt with arguments {'static_parser': 'True', 'no_print': 'None', 'maximum_seed_size_mib': '1', 'warn_error_options': 'WarnErrorOptionsV2(error=[], warn=[], silence=[])', 'version_check': 'True', 'target_path': 'None', 'printer_width': '80', 'write_json': 'True', 'introspect': 'True', 'log_cache_events': 'False', 'empty': 'None', 'cache_selected_only': 'False', 'log_format': 'default', 'debug': 'False', 'fail_fast': 'False', 'partial_parse': 'True', 'send_anonymous_usage_stats': 'True', 'quiet': 'False', 'warn_error': 'None', 'profiles_dir': 'C:\\Users\\athar\\.dbt', 'use_colors': 'True', 'hints_enabled': 'True', 'indirect_selection': 'eager', 'use_experimental_parser': 'False', 'invocation_command': 'dbt init postgres_proj', 'log_path': 'logs'}
[0m21:07:50.903433 [info ] [MainThread]: Creating dbt configuration folder at C:\Users\athar\.dbt
[0m21:07:50.928222 [debug] [MainThread]: Starter project path: C:\Users\athar\Documents\GitHub\personal project\Stack Overflow ETL pipeline\.virt\Lib\site-packages\dbt\include\starter_project
[0m21:07:51.117888 [info ] [MainThread]: Setting up your profile.
[0m21:20:51.876487 [info ] [MainThread]: Profile postgres_proj written to C:\Users\athar\.dbt\profiles.yml using target's profile_template.yml and your supplied values.
[0m21:20:51.960428 [info ] [MainThread]: Running dbt debug to validate the project...
[0m21:20:51.969743 [info ] [MainThread]: dbt version: 1.12.2
[0m21:20:51.970868 [info ] [MainThread]: python version: 3.13.0
[0m21:20:51.971545 [info ] [MainThread]: python path: C:\Users\athar\Documents\GitHub\personal project\Stack Overflow ETL pipeline\.virt\Scripts\python.exe
[0m21:20:51.974011 [info ] [MainThread]: os info: Windows-11-10.0.26200-SP0
[0m21:20:52.224281 [info ] [MainThread]: Using profiles dir at C:\Users\athar\.dbt
[0m21:20:52.225456 [info ] [MainThread]: Using profiles.yml file at C:\Users\athar\.dbt\profiles.yml
[0m21:20:52.226293 [info ] [MainThread]: Using dbt_project.yml file at C:\Users\athar\Documents\GitHub\personal project\Stack Overflow ETL pipeline\postgres_proj\dbt_project.yml
[0m21:20:52.231679 [info ] [MainThread]: adapter type: postgres
[0m21:20:52.232743 [info ] [MainThread]: adapter version: 1.11.0
[0m21:20:52.477052 [info ] [MainThread]: Configuration:
[0m21:20:52.477789 [info ] [MainThread]:   profiles.yml file [[32mOK found and valid[0m]
[0m21:20:52.478453 [info ] [MainThread]:   dbt_project.yml file [[32mOK found and valid[0m]
[0m21:20:52.478959 [info ] [MainThread]: Required dependencies:
[0m21:20:52.479956 [debug] [MainThread]: Executing "git --help"
[0m21:20:52.600490 [debug] [MainThread]: STDOUT: "b"usage: git [-v | --version] [-h | --help] [-C <path>] [-c <name>=<value>]\n           [--exec-path[=<path>]] [--html-path] [--man-path] [--info-path]\n           [-p | --paginate | -P | --no-pager] [--no-replace-objects] [--no-lazy-fetch]\n           [--no-optional-locks] [--no-advice] [--bare] [--git-dir=<path>]\n           [--work-tree=<path>] [--namespace=<name>] [--config-env=<name>=<envvar>]\n           <command> [<args>]\n\nThese are common Git commands used in various situations:\n\nstart a working area (see also: git help tutorial)\n   clone      Clone a repository into a new directory\n   init       Create an empty Git repository or reinitialize an existing one\n\nwork on the current change (see also: git help everyday)\n   add        Add file contents to the index\n   mv         Move or rename a file, a directory, or a symlink\n   restore    Restore working tree files\n   rm         Remove files from the working tree and from the index\n\nexamine the history and state (see also: git help revisions)\n   bisect     Use binary search to find the commit that introduced a bug\n   diff       Show changes between commits, commit and working tree, etc\n   grep       Print lines matching a pattern\n   log        Show commit logs\n   show       Show various types of objects\n   status     Show the working tree status\n\ngrow, mark and tweak your common history\n   backfill   Download missing objects in a partial clone\n   branch     List, create, or delete branches\n   commit     Record changes to the repository\n   history    EXPERIMENTAL: Rewrite history\n   merge      Join two or more development histories together\n   rebase     Reapply commits on top of another base tip\n   reset      Set `HEAD` or the index to a known state\n   switch     Switch branches\n   tag        Create, list, delete or verify tags\n\ncollaborate (see also: git help workflows)\n   fetch      Download objects and refs from another repository\n   pull       Fetch from and integrate with another repository or a local branch\n   push       Update remote refs along with associated objects\n\n'git help -a' and 'git help -g' list available subcommands and some\nconcept guides. See 'git help <command>' or 'git help <concept>'\nto read about a specific subcommand or concept.\nSee 'git help git' for an overview of the system.\n""
[0m21:20:52.601428 [debug] [MainThread]: STDERR: "b''"
[0m21:20:52.602050 [info ] [MainThread]:  - git [[32mOK found[0m]

[0m21:20:52.602723 [info ] [MainThread]: Connection:
[0m21:20:52.603321 [info ] [MainThread]:   host: localhost
[0m21:20:52.603787 [info ] [MainThread]:   port: 5432
[0m21:20:52.604369 [info ] [MainThread]:   user: postgres
[0m21:20:52.605034 [info ] [MainThread]:   database: stkof
[0m21:20:52.605619 [info ] [MainThread]:   schema: public
[0m21:20:52.606270 [info ] [MainThread]:   connect_timeout: 10
[0m21:20:52.606953 [info ] [MainThread]:   role: None
[0m21:20:52.607541 [info ] [MainThread]:   search_path: None
[0m21:20:52.608233 [info ] [MainThread]:   keepalives_idle: 0
[0m21:20:52.608880 [info ] [MainThread]:   sslmode: None
[0m21:20:52.609523 [info ] [MainThread]:   sslcert: None
[0m21:20:52.610077 [info ] [MainThread]:   sslkey: None
[0m21:20:52.610559 [info ] [MainThread]:   sslrootcert: None
[0m21:20:52.611184 [info ] [MainThread]:   application_name: dbt
[0m21:20:52.611902 [info ] [MainThread]:   autocommit: False
[0m21:20:52.612748 [info ] [MainThread]:   retries: 1
[0m21:20:52.615335 [info ] [MainThread]: Registered adapter: postgres=1.11.0
[0m21:20:53.560641 [debug] [MainThread]: Acquiring new postgres connection 'debug'
[0m21:21:00.821895 [debug] [MainThread]: Using postgres connection "debug"
[0m21:21:00.822872 [debug] [MainThread]: On debug: select 1 as id
[0m21:21:00.823682 [debug] [MainThread]: Opening a new connection, currently in state init
[0m21:21:00.924884 [debug] [MainThread]: SQL status: SELECT 1 in 0.101 seconds
[0m21:21:00.927892 [debug] [MainThread]: On debug: Close
[0m21:21:00.928591 [info ] [MainThread]:   Connection test: [[32mOK connection ok[0m]

[0m21:21:00.929380 [info ] [MainThread]: [32mAll checks passed![0m
[0m21:21:00.931110 [info ] [MainThread]: Your new dbt project "postgres_proj" was created!
Initialized new project in C:\Users\athar\Documents\GitHub\personal project\Stack Overflow ETL pipeline\postgres_proj\postgres_proj

For more information on how to configure the profiles.yml file,
please consult the dbt documentation here:

  https://docs.getdbt.com/docs/configure-your-profile

One more thing:

Need help? Don't hesitate to reach out to us via GitHub issues or on Slack:

  https://community.getdbt.com/

Happy modeling!

[0m21:21:00.937014 [debug] [MainThread]: Command `dbt init` succeeded at 21:21:00.935693 after 791.11 seconds
[0m21:21:00.938996 [debug] [MainThread]: Connection 'debug' was properly closed.
[0m21:21:00.940657 [debug] [MainThread]: Sending event: {'category': 'dbt', 'action': 'invocation', 'label': 'end', 'context': [<snowplow_tracker.self_describing_json.SelfDescribingJson object at 0x00000245DBBE63F0>, <snowplow_tracker.self_describing_json.SelfDescribingJson object at 0x00000245DBA20830>, <snowplow_tracker.self_describing_json.SelfDescribingJson object at 0x00000245DBC6F460>]}
[0m21:21:00.942791 [debug] [MainThread]: Flushing usage events
[0m21:21:01.768978 [debug] [MainThread]: An error was encountered while trying to flush usage events
